{"evaluator": "/HELIOS/Robotics/HRVLA/_vendor/HumanoidArena/isaaclab_twist2_g1/script/eval_scripts/sonic_pi05/sim_eval_vla.py", "implementation_revision": "e7842a9dbd1aa8df084a6149dab561c882a0c648", "method_id": "pi05_st", "method_output_dir": "/HELIOS/Robotics/HRVLA/_artifacts/HumanoidArena/pi05-st-integration/vision_navi-smoke-v3/method", "task_id": "visual_navigation"}
[task_runtime_profile] task=Isaac-Move-SmallWarehouse-VisionNavigation-G129-Dex3-Wholebody context=live_inference profile=inference overrides=VISION_NAVI_ROOM_ASSET_VARIANT=validation
[INFO][AppLauncher]: Using device: cuda:0
[INFO][AppLauncher]: Loading experience file: /HELIOS/Robotics/HRVLA/_vendor/IsaacLab-v2.2.0/apps/isaaclab.python.headless.rendering.kit
[Warning] [simulation_app.simulation_app] Modules: ['omni.kit_app'] were loaded before SimulationApp was started and might not be loaded correctly.
[Warning] [simulation_app.simulation_app] Please check to make sure no extra omniverse or pxr modules are imported before the call to SimulationApp(...)
Loading user config located at: '/HELIOS/Robotics/HRVLA/_vendor/IsaacLab-v2.2.0/.venv/lib/python3.11/site-packages/omni/data/Kit/Isaac-Sim/5.0/user.config.json'
[Info] [carb] Logging to file: /HELIOS/Robotics/HRVLA/_vendor/IsaacLab-v2.2.0/.venv/lib/python3.11/site-packages/omni/logs/Kit/Isaac-Sim/5.0/kit_20260922_123300.log
2026-09-22T05:33:00Z [154ms] [Warning] [carb.windowing-glfw.plugin] GLFW initialization failed.
2026-09-22T05:33:00Z [154ms] [Warning] [carb] Failed to startup plugin carb.windowing-glfw.plugin (interfaces: [carb::windowing::IGLContext v1.0],[carb::windowing::IWindowing v1.5]) (impl: carb.windowing-glfw.plugin)
2026-09-22T05:33:00Z [166ms] [Warning] [omni.platforminfo.plugin] failed to open the default display.  Can't verify X Server version.
2026-09-22T05:33:01Z [344ms] [Warning] [carb.windowing-glfw.plugin] GLFW initialization failed.
2026-09-22T05:33:01Z [344ms] [Warning] [carb] Failed to startup plugin carb.windowing-glfw.plugin (interfaces: [carb::windowing::IGLContext v1.0],[carb::windowing::IWindowing v1.5]) (impl: carb.windowing-glfw.plugin)
2026-09-22T05:33:01Z [345ms] [Error] [carb.glinterop.plugin] GLInteropContext::init: carb::windowing is not available
2026-09-22T05:33:01Z [416ms] [Warning] [gpu.foundation.plugin] Skipping unsupported non-NVIDIA GPU: Intel(R) Graphics (RPL-S)
2026-09-22T05:33:01Z [417ms] [Warning] [gpu.foundation.plugin] Skipping unsupported non-NVIDIA GPU: Intel(R) Graphics (RPL-S)

|---------------------------------------------------------------------------------------------|
| Driver Version: 580.178.04    | Graphics API: Vulkan
|=============================================================================================|
| GPU | Name                             | Active | LDA | GPU Memory | Vendor-ID | LUID       |
|     |                                  |        |     |            | Device-ID | UUID       |
|     |                                  |        |     |            | Bus-ID    |            |
|---------------------------------------------------------------------------------------------|
| 0   | NVIDIA GeForce RTX 5070 Ti       | Yes: 0 |     | 16303   MB | 10de      | 0          |
|     |                                  |        |     |            | 2c05      | da696980.. |
|     |                                  |        |     |            | 1         |            |
|---------------------------------------------------------------------------------------------|
| 1   | Intel(R) Graphics (RPL-S)        |        |     | 23847   MB | 8086      | 0          |
|     |                                  |        |     |            | a780      | 868080a7.. |
|     |                                  |        |     |            | 0         |            |
|=============================================================================================|
| OS: 24.04.5 LTS (Noble Numbat) ubuntu, Version: 24.04.5, Kernel: 7.0.0-31-generic
| Processor: Intel(R) Core(TM) i9-14900K
| Bare Metal Cores: 24 | Bare Metal Logical Cores: 48
| Available Cores:  32 
|---------------------------------------------------------------------------------------------|
| Total Memory (MB): 31796 | Free Memory: 24729
| Total Page/Swap (MB): 8191 | Free Page/Swap: 2859
|---------------------------------------------------------------------------------------------|
2026-09-22T05:33:01Z [661ms] [Warning] [gpu.foundation.plugin] CPU performance profile is set to powersave. This profile sets the CPU to the lowest frequency reducing performance.
2026-09-22T05:33:01Z [663ms] [Warning] [gpu.foundation.plugin] IOMMU is enabled.
2026-09-22T05:33:01Z [663ms] [Warning] [gpu.foundation.plugin] Detected IOMMU is enabled. Running CUDA peer-to-peer bandwidth and latency validation.
Unidirectional P2P=Enabled Bandwidth (P2P Writes) Matrix (GB/s)
   D\D     0 
     0 765.93 
P2P=Enabled Latency (P2P Writes) Matrix (us)
   GPU     0 
     0   2.07 

   CPU     0 
     0   2.58 
2026-09-22T05:33:01Z [1,116ms] [Warning] [carb.windowing-glfw.plugin] GLFW initialization failed.
2026-09-22T05:33:01Z [1,116ms] [Warning] [carb] Failed to startup plugin carb.windowing-glfw.plugin (interfaces: [carb::windowing::IGLContext v1.0],[carb::windowing::IWindowing v1.5]) (impl: carb.windowing-glfw.plugin)
2026-09-22T05:33:01Z [1,129ms] [Warning] [carb.windowing-glfw.plugin] GLFW initialization failed.
2026-09-22T05:33:01Z [1,129ms] [Warning] [carb] Failed to startup plugin carb.windowing-glfw.plugin (interfaces: [carb::windowing::IGLContext v1.0],[carb::windowing::IWindowing v1.5]) (impl: carb.windowing-glfw.plugin)
2026-09-22T05:33:01Z [1,134ms] [Warning] [carb.windowing-glfw.plugin] GLFW initialization failed.
2026-09-22T05:33:01Z [1,134ms] [Warning] [carb] Failed to startup plugin carb.windowing-glfw.plugin (interfaces: [carb::windowing::IGLContext v1.0],[carb::windowing::IWindowing v1.5]) (impl: carb.windowing-glfw.plugin)
2026-09-22T05:33:01Z [1,148ms] [Warning] [carb.windowing-glfw.plugin] GLFW initialization failed.
2026-09-22T05:33:01Z [1,148ms] [Warning] [carb] Failed to startup plugin carb.windowing-glfw.plugin (interfaces: [carb::windowing::IGLContext v1.0],[carb::windowing::IWindowing v1.5]) (impl: carb.windowing-glfw.plugin)
2026-09-22T05:33:01Z [1,149ms] [Warning] [carb.windowing-glfw.plugin] GLFW initialization failed.
2026-09-22T05:33:01Z [1,149ms] [Warning] [carb] Failed to startup plugin carb.windowing-glfw.plugin (interfaces: [carb::windowing::IGLContext v1.0],[carb::windowing::IWindowing v1.5]) (impl: carb.windowing-glfw.plugin)
2026-09-22T05:33:01Z [1,150ms] [Warning] [carb.windowing-glfw.plugin] GLFW initialization failed.
2026-09-22T05:33:01Z [1,150ms] [Warning] [carb] Failed to startup plugin carb.windowing-glfw.plugin (interfaces: [carb::windowing::IGLContext v1.0],[carb::windowing::IWindowing v1.5]) (impl: carb.windowing-glfw.plugin)
2026-09-22T05:33:01Z [1,236ms] [Warning] [omni.log] Source: omni.hydra was already registered.
2026-09-22T05:33:02Z [1,565ms] [Warning] [omni.isaac.dynamic_control] omni.isaac.dynamic_control is deprecated as of Isaac Sim 4.5. No action is needed from end-users.
2026-09-22T05:33:04Z [3,315ms] [Warning] [pxr.Semantics] pxr.Semantics is deprecated - please use Semantics instead
Warp CUDA error: Failed to get driver entry point 'cuDeviceGetUuid' (CUDA error 1)
Warp CUDA error: Function cuDeviceGetUuid_f: a suitable driver entry point was not found
Warp CUDA error 36: API call is not supported in the installed CUDA driver (in function cuda_init, /builds/omniverse/warp/warp/native/warp.cu:277)
2026-09-22T05:33:04Z [3,431ms] [Warning] [omni.replicator.core.scripts.extension] No material configuration file, adding configuration to material settings directly.
2026-09-22T05:33:06Z [6,034ms] [Warning] [usdrt.population.plugin] using high frequency span is disabled
2026-09-22T05:33:06Z [6,144ms] [Warning] [carb] Acquiring non optional plugin interface which is not listed as dependency: [carb::dictionary::ISerializer v1.1] (plugin: carb.dictionary.serializer-json.plugin), by client: carb.scenerenderer-rtx.plugin. Add it to CARB_PLUGIN_IMPL_DEPS() macro of a client.
2026-09-22T05:33:08Z [7,952ms] [Warning] [usdrt.hydra.fabric_scene_delegate.plugin] using high frequency span is disabled
2026-09-22T05:33:08Z [7,952ms] [Warning] [usdrt.hydra.fabric_scene_delegate.plugin] using high frequency span is disabled
2026-09-22T05:33:08Z [7,953ms] [Warning] [usdrt.hydra.fabric_scene_delegate.plugin] using high frequency span with attrs is disabled
2026-09-22T05:33:08Z [7,959ms] [Warning] [omni.fabric.plugin] Warning: attribute viewportHandle not found for bucket id 7

2026-09-22T05:33:08Z [7,967ms] [Warning] [usdrt.hydra.fabric_scene_delegate.plugin] using high frequency span is disabled
2026-09-22T05:33:08Z [7,967ms] [Warning] [usdrt.hydra.fabric_scene_delegate.plugin] using high frequency span is disabled
[DDSManager] DDS system initialized
[DDSManager] DDSManager initialized
================================================================================
[CAMERA_STATE DIAGNOSTIC] Module is being imported!
[CAMERA_STATE DIAGNOSTIC] About to create MultiImageWriter...
================================================================================
[MultiImageWriter] Shared memory initialized: isaac_multi_image_shm_3974655_0_0_36d1f77d (created=True)
================================================================================
[CAMERA_STATE DIAGNOSTIC] ✅ MultiImageWriter created successfully!
================================================================================
[INFO]: Parsing configuration from: <class 'tasks.g1_tasks.move_small_warehouse_vision_navigation_g1_29dof_dex3_wholebody.move_small_warehouse_vision_navigation_g1_29dof_dex3_hw_env_cfg.MoveSmallWarehouseVisionNavigationG129Dex3WholebodyEnvCfg'>
[env_config_yaml] loaded: /HELIOS/Robotics/HRVLA/_vendor/HumanoidArena/isaaclab_twist2_g1/tasks/common_test_config/base_test/vision_navi_sonic_test.yaml
[env_config_yaml] apply wait_for_textures=False
[env_config_yaml] apply sim.dt=0.005
[env_config_yaml] apply decimation=4
[env_config_yaml] apply object_reset_seed_source=env_seed
[env_config_yaml] apply target_sign_startup_randomization_enabled=True
[env_config_yaml] apply target_sign_reset_randomization_enabled=True
[env_config_yaml] apply target_sign_static_collision_patch_enabled=True
[env_config_yaml] apply target_sign_debug_pose_logging=True
[env_config_yaml] apply obstacle_01_a_layout_x_range=[-0.5, -0.4]
[env_config_yaml] apply obstacle_01_b_layout_x_range=[-2.2, -1.7]
[env_config_yaml] apply obstacle_01_c_layout_x_range=[-4.6, -4.5]
[env_config_yaml] apply obstacle_02_a_layout_x_range=[-1.8, -0.7]
[env_config_yaml] apply obstacle_02_b_layout_x_range=[-5.2, -4.0]
[env_config_yaml] apply obstacle_02_c_layout_x_range=[-3.1, -2.0]
[env_config_yaml] apply obstacle_layout_y_range=[-2.5, -1.2]
[env_config_yaml] apply obstacle_layout_yaw_range=[-0.785398, 0.785398]
[env_config_yaml] apply obstacle_01_a_layout_z=0.16
[env_config_yaml] apply obstacle_01_b_layout_z=0.56
[env_config_yaml] apply obstacle_01_c_layout_z=1.06
[env_config_yaml] apply obstacle_02_a_layout_z=1.56
[env_config_yaml] apply obstacle_02_b_layout_z=1.3
[env_config_yaml] apply obstacle_02_c_layout_z=1.8
[env_config_yaml] apply deterministic_object_resets=[{'record_name': 'target_sign', 'prim_paths': ['/World/envs/env_{env_idx}/TargetSign'], 'allow_prroot_fallback': False, 'prim_pose_write_mode': 'components', 'pose_range': {'x': [-3.0, -1.5], 'y': [-0.12, 0.8], 'z': [0.0, 0.0], 'yaw': [-0.3, 0.3]}, 'zero_velocity_on_reset': True}, {'record_name': 'obstacle_01_a', 'prim_paths': ['/World/envs/env_{env_idx}/Obstacle01_A'], 'allow_prroot_fallback': False, 'prim_pose_write_mode': 'local_matrix', 'zero_velocity_on_reset': True}, {'record_name': 'obstacle_01_b', 'prim_paths': ['/World/envs/env_{env_idx}/Obstacle01_B'], 'allow_prroot_fallback': False, 'prim_pose_write_mode': 'local_matrix', 'zero_velocity_on_reset': True}, {'record_name': 'obstacle_01_c', 'prim_paths': ['/World/envs/env_{env_idx}/Obstacle01_C'], 'allow_prroot_fallback': False, 'prim_pose_write_mode': 'local_matrix', 'zero_velocity_on_reset': True}, {'record_name': 'obstacle_02_a', 'prim_paths': ['/World/envs/env_{env_idx}/Obstacle02_A'], 'allow_prroot_fallback': False, 'prim_pose_write_mode': 'local_matrix', 'zero_velocity_on_reset': True}, {'record_name': 'obstacle_02_b', 'prim_paths': ['/World/envs/env_{env_idx}/Obstacle02_B'], 'allow_prroot_fallback': False, 'prim_pose_write_mode': 'local_matrix', 'zero_velocity_on_reset': True}, {'record_name': 'obstacle_02_c', 'prim_paths': ['/World/envs/env_{env_idx}/Obstacle02_C'], 'allow_prroot_fallback': False, 'prim_pose_write_mode': 'local_matrix', 'zero_velocity_on_reset': True}]
[env_config_yaml] effective sim.dt=0.005, decimation=4, control_hz=50.00
[sim_eval_vla] startup seed=0 repeat_idx=0 episode_seed=1305788479
Setting seed: 1305788479
[INFO]: Base environment:
	Environment device    : cuda:0
	Environment seed      : 1305788479
	Physics step-size     : 0.005
	Rendering step-size   : 0.02
	Environment step-size : 0.02
[INFO]: Time taken for scene creation : 0.138986 seconds
[INFO]: Scene manager:  <class InteractiveScene>
	Number of environments: 1
	Environment spacing   : 2.5
	Source prim name      : /World/envs/env_0
	Global prim paths     : []
	Replicate physics     : True
[INFO]: Starting the simulation. This may take a few seconds. Please wait...
2026-09-22T05:33:10Z [9,430ms] [Error] [omni.physx.plugin] PhysicsUSD: Parse collision - triangle mesh collision (approximation None/MeshSimplification) cannot be a part of a dynamic body, falling back to convexHull approximation: /World/envs/env_0/Robot/left_ankle_roll_link/collisions.For dynamic collision please use approximations : convex hull, convex decomposition, box, sphere or SDF approximation.
2026-09-22T05:33:10Z [9,436ms] [Error] [omni.physx.plugin] PhysicsUSD: Parse collision - triangle mesh collision (approximation None/MeshSimplification) cannot be a part of a dynamic body, falling back to convexHull approximation: /World/envs/env_0/Robot/right_ankle_roll_link/collisions.For dynamic collision please use approximations : convex hull, convex decomposition, box, sphere or SDF approximation.
2026-09-22T05:33:10Z [9,724ms] [Warning] [isaaclab.actuators.actuator_pd] The <ImplicitActuatorCfg> object has a value for 'effort_limit'. This parameter will be removed in the future. To set the effort limit, please use 'effort_limit_sim' instead.
2026-09-22T05:33:10Z [9,724ms] [Warning] [isaaclab.actuators.actuator_pd] The <ImplicitActuatorCfg> object has a value for 'velocity_limit'. Previously, although this value was specified, it was not getting used by implicit actuators. Since this parameter affects the simulation behavior, we continue to not use it. This parameter will be removed in the future. To set the velocity limit, please use 'velocity_limit_sim' instead.
2026-09-22T05:33:10Z [9,792ms] [Warning] [usdrt.hydra.fabric_scene_delegate.plugin] using high frequency span with attrs is disabled
2026-09-22T05:33:10Z [9,809ms] [Warning] [usdrt.hydra.fabric_scene_delegate.plugin] using high frequency span with attrs is disabled
2026-09-22T05:33:10Z [9,809ms] [Warning] [omni.fabric.plugin] getAttributeCount called on non-existent path /World/envs/env_0/Robot/torso_link/collisions/torso_link_rev_1_0
2026-09-22T05:33:10Z [9,809ms] [Warning] [omni.fabric.plugin] getTypes called on non-existent path /World/envs/env_0/Robot/torso_link/collisions/torso_link_rev_1_0
2026-09-22T05:33:10Z [9,831ms] [Error] [rtx.neuraylib.plugin] [MDLC:COMPILER]   1.0   MDLC   comp error: file:/HELIOS/Robotics/HRVLA/_vendor/HumanoidArena/isaaclab_twist2_g1/assets/objects/small_warehouse/small_warehouse_vision_navigation/SubUSDs/materials/M_TrafficCone.mdl(48,5): C109 'OmniUe4Base_1' has not been declared; did you mean 'OmniUe4Base'?
2026-09-22T05:33:10Z [9,831ms] [Warning] [rtx.neuraylib.plugin] Loading MdlModule to DB (rtx_scope0) failed: ::Z73file_3A::HELIOS::Robotics::HRVLA::_vendor::HumanoidArena::isaaclab_twist2_g1::assets::objects::small_warehouse::small_warehouse_vision_navigation::SubUSDs::materials::M_TrafficCone
2026-09-22T05:33:10Z [9,831ms] [Warning] [rtx.neuraylib.plugin] Loading transaction committed (this thread). MdlModule is NOT in the DB (rtx_scope0): ::Z73file_3A::HELIOS::Robotics::HRVLA::_vendor::HumanoidArena::isaaclab_twist2_g1::assets::objects::small_warehouse::small_warehouse_vision_navigation::SubUSDs::materials::M_TrafficCone
2026-09-22T05:33:10Z [9,831ms] [Error] [omni.usd] USD_MDL: in LoadModule at line 313 of ../../source/plugins/omni.usdMdl/neuray.cpp -- 'rtx::neuraylib::MdlModuleId' for '/HELIOS/Robotics/HRVLA/_vendor/HumanoidArena/isaaclab_twist2_g1/assets/objects/small_warehouse/small_warehouse_vision_navigation/SubUSDs/materials/M_TrafficCone.mdl' is Invalid

2026-09-22T05:33:10Z [9,831ms] [Error] [omni.hydra] Unable to find SdrShaderNode for prim: '/World/envs/env_0/Room/Assets/closet/cone/Looks/M_TrafficCone/M_TrafficCone' with identifier: '14744336201614674847<M_TrafficCone><mdl>'.
2026-09-22T05:33:14Z [13,402ms] [Warning] [rtx.postprocessing.plugin] DLSS increasing input dimensions: Render resolution of (371, 278) is below minimal input resolution of 300.
[INFO]: Time taken for simulation start : 4.352093 seconds
[INFO] Command Manager:  <CommandManager> contains 0 active terms.
+------------------------+
|  Active Command Terms  |
+--------+-------+-------+
| Index  | Name  |  Type |
+--------+-------+-------+
+--------+-------+-------+

[INFO] Event Manager:  <EventManager> contains 0 active terms.

[INFO] Recorder Manager:  <RecorderManager> contains 0 active terms.
+---------------------+
| Active Recorder Terms |
+-----------+---------+
|   Index   | Name    |
+-----------+---------+
+-----------+---------+

[INFO] Action Manager:  <ActionManager> contains 1 active terms.
+------------------------------------+
|  Active Action Terms (shape: 43)   |
+--------+-------------+-------------+
| Index  | Name        |   Dimension |
+--------+-------------+-------------+
|   0    | joint_pos   |          43 |
+--------+-------------+-------------+

[CAMERA_STATE DEBUG] Checking action_provider availability:
  - hasattr(env, 'action_provider'): False
[CAMERA_STATE WARNING] env.action_provider not found! Status indicator will always show IDLE.
[INFO] Observation Manager: <ObservationManager> contains 1 groups.
+------------------------------------------------+
|  Active Observation Terms in Group: 'policy'   |
+--------+----------------------+----------------+
| Index  | Name                 |     Shape      |
+--------+----------------------+----------------+
|   0    | robot_joint_state    |     (87,)      |
|   1    | robot_gipper_state   |     (14,)      |
|   2    | camera_image         | (480, 640, 3)  |
+--------+----------------------+----------------+

[INFO] Termination Manager:  <TerminationManager> contains 1 active terms.
+----------------------------+
|  Active Termination Terms  |
+-------+---------+----------+
| Index | Name    | Time Out |
+-------+---------+----------+
|   0   | success |  False   |
+-------+---------+----------+

[INFO] Reward Manager:  <RewardManager> contains 1 active terms.
+-------------------------+
|   Active Reward Terms   |
+-------+--------+--------+
| Index | Name   | Weight |
+-------+--------+--------+
|   0   | reward |    1.0 |
+-------+--------+--------+

[INFO] Curriculum Manager:  <CurriculumManager> contains 0 active terms.
+----------------------+
| Active Curriculum Terms |
+-----------+----------+
|   Index   | Name     |
+-----------+----------+
+-----------+----------+

[INFO]: Completed setting up the environment...
[navigation_static_collision] no dynamic physics APIs found
[navigation_scene_cameras] disabled: /World/envs/env_0/Room/Cameras/overhead, /World/envs/env_0/Room/Cameras/stereo/right, /World/envs/env_0/Room/Cameras/stereo/left, /World/envs/env_0/Room/Cameras/security_camera, /World/envs/env_0/Room/Cameras/DeskCamera
[target_sign_pose:startup_randomization_pending] /World/envs/env_0/TargetSign world_pos=[-2.0, -0.25, 0.0]
2026-09-22T05:33:14Z [13,841ms] [Error] [omni.physx.plugin] PhysicsUSD: Parse collision - triangle mesh collision (approximation None/MeshSimplification) cannot be a part of a dynamic body, falling back to convexHull approximation: /World/envs/env_0/Robot/left_ankle_roll_link/collisions.For dynamic collision please use approximations : convex hull, convex decomposition, box, sphere or SDF approximation.
2026-09-22T05:33:14Z [13,850ms] [Error] [omni.physx.plugin] PhysicsUSD: Parse collision - triangle mesh collision (approximation None/MeshSimplification) cannot be a part of a dynamic body, falling back to convexHull approximation: /World/envs/env_0/Robot/right_ankle_roll_link/collisions.For dynamic collision please use approximations : convex hull, convex decomposition, box, sphere or SDF approximation.
[obstacle_layout_prim] applied initial env object state: obstacle_01_a->prim:target_pos=[-0.41556134819984436, -1.5866519212722778, 0.0]:readback_pos=[-1.665561318397522, -5.636651992797852, 0.0]:readback_ori=[0.9999995231628418, 0.0, 0.0, -0.0009810763876885176], obstacle_01_b->prim:target_pos=[-2.046862840652466, -1.6508617401123047, 0.0]:readback_pos=[-4.496862888336182, -4.400861740112305, 0.0]:readback_ori=[0.9384160041809082, 0.0, 0.0, 0.3455074727535248], obstacle_01_c->prim:target_pos=[-4.5460100173950195, -1.3585256338119507, 0.0]:readback_pos=[-6.196010112762451, -3.508525848388672, 0.0]:readback_ori=[0.9988650679588318, 0.0, 0.0, -0.04762909188866615], obstacle_02_a->prim:target_pos=[-0.9590164422988892, -2.0380070209503174, 0.0]:readback_pos=[-1.9090163707733154, -5.188007354736328, 0.0]:readback_ori=[0.9821972846984863, 0.0, 0.0, -0.18785247206687927], obstacle_02_b->prim:target_pos=[-4.522315979003906, -1.5284072160720825, 0.0]:readback_pos=[-7.372315883636475, -3.3784072399139404, 0.0]:readback_ori=[0.9974068999290466, 0.0, 0.0, -0.07196827232837677], obstacle_02_c->prim:target_pos=[-2.408949613571167, -1.3452622890472412, 0.0]:readback_pos=[-5.658949851989746, -4.795262336730957, 0.0]:readback_ori=[0.9944556355476379, 0.0, 0.0, -0.10515671223402023]
[obstacle_spawn_height] obstacle_01_a->obstacle_01_a:root_pos=[-0.41556134819984436, -1.5866519212722778, 0.1599999964237213], obstacle_01_b->obstacle_01_b:root_pos=[-2.046862840652466, -1.6508617401123047, 0.5600000023841858], obstacle_01_c->obstacle_01_c:root_pos=[-4.53231954574585, -1.362403154373169, 1.059999942779541], obstacle_02_a->obstacle_02_a:root_pos=[-0.9590164422988892, -2.0380070209503174, 1.559999942779541], obstacle_02_b->obstacle_02_b:root_pos=[-4.535801410675049, -1.523867130279541, 1.2999999523162842], obstacle_02_c->obstacle_02_c:root_pos=[-2.408949613571167, -1.3452622890472412, 1.7999999523162842]
[target_sign_pose:startup_randomized] /World/envs/env_0/TargetSign world_pos=[-2.0299334161743503, -0.24753389587550098, 0.0]
[object_reset] target_sign, obstacle_layout, obstacle_spawn_height
[sim_eval_vla] task=Isaac-Move-SmallWarehouse-VisionNavigation-G129-Dex3-Wholebody control_hz=50 episodes=1 lerobot_server=http://127.0.0.1:8765 record_video_every_n=1 step_log_every_n=0
ActionProvider init

[DEBUG] Isaac Lab default_joint_pos (full):
  left_shoulder_pitch (idx 11): 0.000
  left_shoulder_roll (idx 15): 0.400
  left_elbow (idx 21): 1.200
  right_shoulder_pitch (idx 12): 0.000
  right_shoulder_roll (idx 16): -0.400
  right_elbow (idx 22): 1.200
[SonicActionProvider] onnxruntime available_providers=['TensorrtExecutionProvider', 'CUDAExecutionProvider', 'CPUExecutionProvider']
[SonicActionProvider] loaded model_encoder.onnx requested_device=cuda:0 providers=['TensorrtExecutionProvider', 'CUDAExecutionProvider', 'CPUExecutionProvider']
[SonicActionProvider] loaded model_decoder.onnx requested_device=cuda:0 providers=['TensorrtExecutionProvider', 'CUDAExecutionProvider', 'CPUExecutionProvider']
Successful load sonic model
[SonicActionProvider] LeRobot VLA remote client enabled: url=http://127.0.0.1:8765 verify_ssl=False
[SonicActionProvider] POSE mode ready  pose_source=redis  gmt_backend=sonic  (zmq=localhost:5556  redis=localhost:6379)  encoder=/HELIOS/Robotics/HRVLA/_vendor/HumanoidArena/GR00T-WholeBodyControl/gear_sonic_deploy/policy/release/model_encoder.onnx  decoder=/HELIOS/Robotics/HRVLA/_vendor/HumanoidArena/GR00T-WholeBodyControl/gear_sonic_deploy/policy/release/model_decoder.onnx
[SonicActionProvider] VLA root_rot6d layout mode=row
[SonicActionProvider] VLA root delta clamp (deg/step)=26.0
[SonicActionProvider] VLA heading align=enabled (env SONIC_VLA_USE_HEADING_ALIGN)
  - control frequency: 50Hz
[SimpleController] set the action provider: SonicActionProvider
[sim_eval_vla] episode_start seed=0 repeat_idx=0 episode_seed=1305788479 rss_mb=9498.4 record_video=1
2026-09-22T05:33:20Z [19,786ms] [Error] [omni.physx.plugin] PhysicsUSD: Parse collision - triangle mesh collision (approximation None/MeshSimplification) cannot be a part of a dynamic body, falling back to convexHull approximation: /World/envs/env_0/Robot/left_ankle_roll_link/collisions.For dynamic collision please use approximations : convex hull, convex decomposition, box, sphere or SDF approximation.
2026-09-22T05:33:20Z [19,791ms] [Error] [omni.physx.plugin] PhysicsUSD: Parse collision - triangle mesh collision (approximation None/MeshSimplification) cannot be a part of a dynamic body, falling back to convexHull approximation: /World/envs/env_0/Robot/right_ankle_roll_link/collisions.For dynamic collision please use approximations : convex hull, convex decomposition, box, sphere or SDF approximation.
[CAMERA_STATE] 📸 Camera update frequency: 0.47 Hz (count=3)
[obstacle_layout_prim] applied initial env object state: obstacle_01_a->prim:target_pos=[-0.41556134819984436, -1.5866519212722778, 0.0]:readback_pos=[-1.665561318397522, -5.636651992797852, 0.0]:readback_ori=[0.9999995231628418, 0.0, 0.0, -0.0009810763876885176], obstacle_01_b->prim:target_pos=[-2.046862840652466, -1.6508617401123047, 0.0]:readback_pos=[-4.496862888336182, -4.400861740112305, 0.0]:readback_ori=[0.9384160041809082, 0.0, 0.0, 0.3455074727535248], obstacle_01_c->prim:target_pos=[-4.5460100173950195, -1.3585256338119507, 0.0]:readback_pos=[-6.196010112762451, -3.508525848388672, 0.0]:readback_ori=[0.9988650679588318, 0.0, 0.0, -0.04762909188866615], obstacle_02_a->prim:target_pos=[-0.9590164422988892, -2.0380070209503174, 0.0]:readback_pos=[-1.9090163707733154, -5.188007354736328, 0.0]:readback_ori=[0.9821972846984863, 0.0, 0.0, -0.18785247206687927], obstacle_02_b->prim:target_pos=[-4.522315979003906, -1.5284072160720825, 0.0]:readback_pos=[-7.372315883636475, -3.3784072399139404, 0.0]:readback_ori=[0.9974068999290466, 0.0, 0.0, -0.07196827232837677], obstacle_02_c->prim:target_pos=[-2.408949613571167, -1.3452622890472412, 0.0]:readback_pos=[-5.658949851989746, -4.795262336730957, 0.0]:readback_ori=[0.9944556355476379, 0.0, 0.0, -0.10515671223402023]
[obstacle_spawn_height] obstacle_01_a->obstacle_01_a:root_pos=[-0.41556134819984436, -1.5866519212722778, 0.1599999964237213], obstacle_01_b->obstacle_01_b:root_pos=[-2.046862840652466, -1.6508617401123047, 0.5600000023841858], obstacle_01_c->obstacle_01_c:root_pos=[-4.53231954574585, -1.362403154373169, 1.059999942779541], obstacle_02_a->obstacle_02_a:root_pos=[-0.9590164422988892, -2.0380070209503174, 1.559999942779541], obstacle_02_b->obstacle_02_b:root_pos=[-4.535801410675049, -1.523867130279541, 1.2999999523162842], obstacle_02_c->obstacle_02_c:root_pos=[-2.408949613571167, -1.3452622890472412, 1.7999999523162842]
[target_sign_pose:reset_randomized] /World/envs/env_0/TargetSign world_pos=[-2.0299334161743503, -0.24753389587550098, 0.0]
[object_reset] target_sign, obstacle_layout, obstacle_spawn_height
[SONIC] on_env_reset: frame_count and history reset
[SonicActionProvider] ActionProvider started
[SimpleController] the controller is started

[SONIC] Real get_action path enabled
[SONIC] Forcing _smpl_data_valid=True based on joint29 buffer data
[SONIC] position mode configured: body joint stiffness/damping written to SONIC gains
render: 0.000 ms
obs: 0.000 ms

================================================================================
[PERF_REPORT] Frame 50 - RTF Performance Breakdown
================================================================================
Component                        Mean(ms)    Max(ms)     %Total
--------------------------------------------------------------------------------
Fetch Pose (ZMQ/Redis)               0.00       0.00       0.0%
SONIC Encoder                        0.30       4.46       0.3%
SONIC Decoder                        0.23       3.48       0.2%
Sim Step (x{self._decimation})      31.39      40.29      32.9%
Render + Obs                         1.66      41.63       1.7%
--------------------------------------------------------------------------------
TOTAL                               95.31    1427.25     100.0%
Target FPS (RTF=1.0)              50000.0
Actual FPS                           10.5
RTF Estimate                         0.21
================================================================================

[CAMERA_STATE] 📸 Camera update frequency: 0.52 Hz (count=3)

[CONTROLLER]  controller.step() frequency: 11.84 Hz (count=60)
Video saved: /HELIOS/Robotics/HRVLA/_artifacts/HumanoidArena/pi05-st-integration/vision_navi-smoke-v3/videos/failure/pi05_st_integration_smoke__seed_0__repeat_0__episode_0__timeout.mp4 (frames=61)
[SonicActionProvider] ActionProvider stop
[SonicActionProvider] ActionProvider stopped
[SimpleController] the controller is stopped
[sim_eval_vla] episode_end seed=0 repeat_idx=0 episode_seed=1305788479 rss_mb=9761.1
/home/shin/.local/share/uv/python/cpython-3.11.15-linux-x86_64-gnu/lib/python3.11/multiprocessing/resource_tracker.py:254: UserWarning: resource_tracker: There appear to be 1 leaked shared_memory objects to clean up at shutdown
  warnings.warn('resource_tracker: There appear to be %d '
