{
  "backend": "nvidia/Cosmos-Reason2-2B",
  "methods": {
    "plan_once": {
      "decision_points": 6,
      "generated_tokens": 351,
      "mean_confidence": 0.4056021560530961,
      "mean_latency_ms": 691.6808896666377,
      "mean_model_calls": 1.0,
      "mean_search_nodes": 1.0,
      "next_subtask_accuracy": 0.8333333333333334,
      "p95_latency_ms": 1001.8896750002568,
      "safety_fallback_rate": 0.3333333333333333,
      "ttc_route_rate": 0.0,
      "valid_selection_rate": 1.0
    }
  },
  "model_path": "/home/shin/.cache/huggingface/hub/models--nvidia--Cosmos-Reason2-2B/snapshots/9ce19a195e423419c349abfc86fd07178b230561",
  "peak_vram_gib": 4.544393539428711,
  "schema_version": 1
}
