running 150 episodes with 4 workers
{
  "methods": {
    "adaptive_ttc": {
      "episodes": 30,
      "generated_tokens": 44268,
      "hallucinated_candidates_per_decision": 0.0,
      "injected_failure_recovery_rate": 1.0,
      "mean_model_calls_per_decision": 3.8976109215017063,
      "mean_planner_latency_ms": 0.3190056212727645,
      "mean_progress": 1.0,
      "mean_search_nodes_per_decision": 12.109215017064846,
      "mean_steps": 9.766666666666667,
      "next_subtask_accuracy": 0.9829351535836177,
      "p95_episode_mean_latency_ms": 0.6658360000735477,
      "repeated_action_rate": 0.06484641638225255,
      "safety_fallback_rate": 0.0,
      "task_success_rate": 1.0,
      "ttc_route_rate": 0.4812286689419795,
      "valid_selection_rate": 1.0
    },
    "best_of_n": {
      "episodes": 30,
      "generated_tokens": 17580,
      "hallucinated_candidates_per_decision": 0.0,
      "injected_failure_recovery_rate": 1.0,
      "mean_model_calls_per_decision": 2.0,
      "mean_planner_latency_ms": 0.18601631074425434,
      "mean_progress": 1.0,
      "mean_search_nodes_per_decision": 4.0,
      "mean_steps": 9.766666666666667,
      "next_subtask_accuracy": 0.9761092150170648,
      "p95_episode_mean_latency_ms": 0.42977854536729865,
      "repeated_action_rate": 0.05460750853242321,
      "safety_fallback_rate": 0.0,
      "task_success_rate": 1.0,
      "ttc_route_rate": 0.0,
      "valid_selection_rate": 1.0
    },
    "plan_once": {
      "episodes": 30,
      "generated_tokens": 3528,
      "hallucinated_candidates_per_decision": 0.0,
      "injected_failure_recovery_rate": 1.0,
      "mean_model_calls_per_decision": 1.0,
      "mean_planner_latency_ms": 0.04108010482215268,
      "mean_progress": 1.0,
      "mean_search_nodes_per_decision": 1.0,
      "mean_steps": 9.8,
      "next_subtask_accuracy": 0.9319727891156463,
      "p95_episode_mean_latency_ms": 0.09239945451223651,
      "repeated_action_rate": 0.05442176870748299,
      "safety_fallback_rate": 0.17687074829931973,
      "task_success_rate": 1.0,
      "ttc_route_rate": 0.0,
      "valid_selection_rate": 1.0
    },
    "recursive": {
      "episodes": 30,
      "generated_tokens": 9528,
      "hallucinated_candidates_per_decision": 0.0,
      "injected_failure_recovery_rate": 1.0,
      "mean_model_calls_per_decision": 2.7006802721088436,
      "mean_planner_latency_ms": 0.05370826168670037,
      "mean_progress": 1.0,
      "mean_search_nodes_per_decision": 2.7006802721088436,
      "mean_steps": 9.8,
      "next_subtask_accuracy": 0.9319727891156463,
      "p95_episode_mean_latency_ms": 0.10672072729986129,
      "repeated_action_rate": 0.05442176870748299,
      "safety_fallback_rate": 0.17687074829931973,
      "task_success_rate": 1.0,
      "ttc_route_rate": 0.0,
      "valid_selection_rate": 1.0
    },
    "ttc": {
      "episodes": 30,
      "generated_tokens": 88860,
      "hallucinated_candidates_per_decision": 0.0,
      "injected_failure_recovery_rate": 1.0,
      "mean_model_calls_per_decision": 7.068259385665529,
      "mean_planner_latency_ms": 0.6826893314855578,
      "mean_progress": 1.0,
      "mean_search_nodes_per_decision": 24.273037542662117,
      "mean_steps": 9.766666666666667,
      "next_subtask_accuracy": 0.9897610921501706,
      "p95_episode_mean_latency_ms": 1.219484090845733,
      "repeated_action_rate": 0.06484641638225255,
      "safety_fallback_rate": 0.0,
      "task_success_rate": 1.0,
      "ttc_route_rate": 1.0,
      "valid_selection_rate": 1.0
    }
  },
  "schema_version": 1
}
