running 30000 episodes with 32 workers
{
  "methods": {
    "adaptive_ttc": {
      "episodes": 6000,
      "generated_tokens": 6383964,
      "hallucinated_candidates_per_decision": 0.0,
      "injected_failure_recovery_rate": 1.0,
      "mean_model_calls_per_decision": 3.1035205507463703,
      "mean_planner_latency_ms": 0.4366667186897914,
      "mean_progress": 1.0,
      "mean_search_nodes_per_decision": 9.065452252743508,
      "mean_steps": 9.780666666666667,
      "next_subtask_accuracy": 0.9961488651080362,
      "p95_episode_mean_latency_ms": 1.1170146363755604,
      "repeated_action_rate": 0.0622486538068298,
      "safety_fallback_rate": 1.704041987594574e-05,
      "task_success_rate": 1.0,
      "ttc_route_rate": 0.34862995024197396,
      "valid_selection_rate": 1.0
    },
    "best_of_n": {
      "episodes": 6000,
      "generated_tokens": 2816736,
      "hallucinated_candidates_per_decision": 0.0,
      "injected_failure_recovery_rate": 1.0,
      "mean_model_calls_per_decision": 1.0,
      "mean_planner_latency_ms": 0.2687156793173128,
      "mean_progress": 1.0,
      "mean_search_nodes_per_decision": 4.0,
      "mean_steps": 9.780333333333333,
      "next_subtask_accuracy": 0.9827545073446713,
      "p95_episode_mean_latency_ms": 0.6049128182481085,
      "repeated_action_rate": 0.062370062370062374,
      "safety_fallback_rate": 0.0,
      "task_success_rate": 1.0,
      "ttc_route_rate": 0.0,
      "valid_selection_rate": 1.0
    },
    "plan_once": {
      "episodes": 6000,
      "generated_tokens": 704208,
      "hallucinated_candidates_per_decision": 0.0,
      "injected_failure_recovery_rate": 1.0,
      "mean_model_calls_per_decision": 1.0,
      "mean_planner_latency_ms": 0.029641593316028916,
      "mean_progress": 1.0,
      "mean_search_nodes_per_decision": 1.0,
      "mean_steps": 9.780666666666667,
      "next_subtask_accuracy": 0.9697191738804444,
      "p95_episode_mean_latency_ms": 0.07881509991420899,
      "repeated_action_rate": 0.06173744121055143,
      "safety_fallback_rate": 0.09225683320837025,
      "task_success_rate": 1.0,
      "ttc_route_rate": 0.0,
      "valid_selection_rate": 1.0
    },
    "recursive": {
      "episodes": 6000,
      "generated_tokens": 1896168,
      "hallucinated_candidates_per_decision": 0.0,
      "injected_failure_recovery_rate": 1.0,
      "mean_model_calls_per_decision": 2.6926249062776906,
      "mean_planner_latency_ms": 0.049629181209971306,
      "mean_progress": 1.0,
      "mean_search_nodes_per_decision": 2.6926249062776906,
      "mean_steps": 9.780666666666667,
      "next_subtask_accuracy": 0.9697191738804444,
      "p95_episode_mean_latency_ms": 0.09337154551758431,
      "repeated_action_rate": 0.06173744121055143,
      "safety_fallback_rate": 0.09225683320837025,
      "task_success_rate": 1.0,
      "ttc_route_rate": 0.0,
      "valid_selection_rate": 1.0
    },
    "ttc": {
      "episodes": 6000,
      "generated_tokens": 17024496,
      "hallucinated_candidates_per_decision": 0.0,
      "injected_failure_recovery_rate": 1.0,
      "mean_model_calls_per_decision": 6.043845000340808,
      "mean_planner_latency_ms": 1.2954597392131704,
      "mean_progress": 1.0,
      "mean_search_nodes_per_decision": 24.175380001363234,
      "mean_steps": 9.780666666666667,
      "next_subtask_accuracy": 0.9968304819030741,
      "p95_episode_mean_latency_ms": 2.303663727285642,
      "repeated_action_rate": 0.06248721968509304,
      "safety_fallback_rate": 0.0,
      "task_success_rate": 1.0,
      "ttc_route_rate": 1.0,
      "valid_selection_rate": 1.0
    }
  },
  "schema_version": 1
}
