running 150000 episodes with 32 workers
{
  "methods": {
    "adaptive_ttc": {
      "episodes": 30000,
      "generated_tokens": 38746404,
      "hallucinated_candidates_per_decision": 0.0,
      "injected_failure_recovery_rate": 1.0,
      "mean_model_calls_per_decision": 3.611474672283687,
      "mean_planner_latency_ms": 0.797172734677389,
      "mean_progress": 1.0,
      "mean_search_nodes_per_decision": 11.005225055727111,
      "mean_steps": 9.7798,
      "next_subtask_accuracy": 0.9921675289883228,
      "p95_episode_mean_latency_ms": 2.8008663000036904,
      "repeated_action_rate": 0.06161680197959059,
      "safety_fallback_rate": 0.00027607926542465083,
      "task_success_rate": 1.0,
      "ttc_route_rate": 0.44067363340763616,
      "valid_selection_rate": 1.0
    },
    "best_of_n": {
      "episodes": 30000,
      "generated_tokens": 14082816,
      "hallucinated_candidates_per_decision": 0.0,
      "injected_failure_recovery_rate": 1.0,
      "mean_model_calls_per_decision": 1.0,
      "mean_planner_latency_ms": 0.4990766418779634,
      "mean_progress": 1.0,
      "mean_search_nodes_per_decision": 4.0,
      "mean_steps": 9.779733333333333,
      "next_subtask_accuracy": 0.9701389267601025,
      "p95_episode_mean_latency_ms": 1.9407244165752975,
      "repeated_action_rate": 0.06237729726781916,
      "safety_fallback_rate": 0.00013974477831706387,
      "task_success_rate": 1.0,
      "ttc_route_rate": 0.0,
      "valid_selection_rate": 1.0
    },
    "plan_once": {
      "episodes": 30000,
      "generated_tokens": 3520608,
      "hallucinated_candidates_per_decision": 0.0,
      "injected_failure_recovery_rate": 1.0,
      "mean_model_calls_per_decision": 1.0,
      "mean_planner_latency_ms": 0.041350239767171525,
      "mean_progress": 1.0,
      "mean_search_nodes_per_decision": 1.0,
      "mean_steps": 9.779466666666666,
      "next_subtask_accuracy": 0.9468035066670303,
      "p95_episode_mean_latency_ms": 0.11238390015932964,
      "repeated_action_rate": 0.06150301311591634,
      "safety_fallback_rate": 0.17143743353420773,
      "task_success_rate": 1.0,
      "ttc_route_rate": 0.0,
      "valid_selection_rate": 1.0
    },
    "recursive": {
      "episodes": 30000,
      "generated_tokens": 9499788,
      "hallucinated_candidates_per_decision": 0.0,
      "injected_failure_recovery_rate": 1.0,
      "mean_model_calls_per_decision": 2.6983373326425437,
      "mean_planner_latency_ms": 0.06800974294727892,
      "mean_progress": 1.0,
      "mean_search_nodes_per_decision": 2.6983373326425437,
      "mean_steps": 9.779466666666666,
      "next_subtask_accuracy": 0.9468035066670303,
      "p95_episode_mean_latency_ms": 0.13559270000769175,
      "repeated_action_rate": 0.06150301311591634,
      "safety_fallback_rate": 0.17143743353420773,
      "task_success_rate": 1.0,
      "ttc_route_rate": 0.0,
      "valid_selection_rate": 1.0
    },
    "ttc": {
      "episodes": 30000,
      "generated_tokens": 84473136,
      "hallucinated_candidates_per_decision": 0.0,
      "injected_failure_recovery_rate": 1.0,
      "mean_model_calls_per_decision": 5.998067511008712,
      "mean_planner_latency_ms": 1.4142384642676986,
      "mean_progress": 1.0,
      "mean_search_nodes_per_decision": 23.992270044034846,
      "mean_steps": 9.780133333333334,
      "next_subtask_accuracy": 0.9943252307398672,
      "p95_episode_mean_latency_ms": 2.225973545385138,
      "repeated_action_rate": 0.06214298373573639,
      "safety_fallback_rate": 0.00013973906286212867,
      "task_success_rate": 1.0,
      "ttc_route_rate": 1.0,
      "valid_selection_rate": 1.0
    }
  },
  "schema_version": 1
}
