running 150000 episodes with 32 workers
{
  "methods": {
    "adaptive_ttc": {
      "episodes": 30000,
      "generated_tokens": 41346996,
      "hallucinated_candidates_per_decision": 0.0,
      "injected_failure_recovery_rate": 1.0,
      "mean_model_calls_per_decision": 3.6859191749119797,
      "mean_planner_latency_ms": 0.8280265260606475,
      "mean_progress": 1.0,
      "mean_search_nodes_per_decision": 11.303051475976401,
      "mean_steps": 9.779966666666667,
      "next_subtask_accuracy": 0.9942535591464183,
      "p95_episode_mean_latency_ms": 2.8571212728407276,
      "repeated_action_rate": 0.06199066799818677,
      "safety_fallback_rate": 7.498321398505107e-05,
      "task_success_rate": 1.0,
      "ttc_route_rate": 0.44062522367151896,
      "valid_selection_rate": 1.0
    },
    "best_of_n": {
      "episodes": 30000,
      "generated_tokens": 14083680,
      "hallucinated_candidates_per_decision": 0.0,
      "injected_failure_recovery_rate": 1.0,
      "mean_model_calls_per_decision": 1.0,
      "mean_planner_latency_ms": 0.2647099675176466,
      "mean_progress": 1.0,
      "mean_search_nodes_per_decision": 4.0,
      "mean_steps": 9.780333333333333,
      "next_subtask_accuracy": 0.9698476534542109,
      "p95_episode_mean_latency_ms": 0.5104888332425617,
      "repeated_action_rate": 0.06237347057019188,
      "safety_fallback_rate": 0.0001431444054394874,
      "task_success_rate": 1.0,
      "ttc_route_rate": 0.0,
      "valid_selection_rate": 1.0
    },
    "plan_once": {
      "episodes": 30000,
      "generated_tokens": 3520608,
      "hallucinated_candidates_per_decision": 0.0,
      "injected_failure_recovery_rate": 1.0,
      "mean_model_calls_per_decision": 1.0,
      "mean_planner_latency_ms": 0.04141288414491628,
      "mean_progress": 1.0,
      "mean_search_nodes_per_decision": 1.0,
      "mean_steps": 9.779466666666666,
      "next_subtask_accuracy": 0.9468035066670303,
      "p95_episode_mean_latency_ms": 0.10975974987559312,
      "repeated_action_rate": 0.06150301311591634,
      "safety_fallback_rate": 0.17143743353420773,
      "task_success_rate": 1.0,
      "ttc_route_rate": 0.0,
      "valid_selection_rate": 1.0
    },
    "recursive": {
      "episodes": 30000,
      "generated_tokens": 9499788,
      "hallucinated_candidates_per_decision": 0.0,
      "injected_failure_recovery_rate": 1.0,
      "mean_model_calls_per_decision": 2.6983373326425437,
      "mean_planner_latency_ms": 0.06831980652695432,
      "mean_progress": 1.0,
      "mean_search_nodes_per_decision": 2.6983373326425437,
      "mean_steps": 9.779466666666666,
      "next_subtask_accuracy": 0.9468035066670303,
      "p95_episode_mean_latency_ms": 0.13714674999694884,
      "repeated_action_rate": 0.06150301311591634,
      "safety_fallback_rate": 0.17143743353420773,
      "task_success_rate": 1.0,
      "ttc_route_rate": 0.0,
      "valid_selection_rate": 1.0
    },
    "ttc": {
      "episodes": 30000,
      "generated_tokens": 85350288,
      "hallucinated_candidates_per_decision": 0.0,
      "injected_failure_recovery_rate": 1.0,
      "mean_model_calls_per_decision": 6.06035023380731,
      "mean_planner_latency_ms": 1.6505558820851811,
      "mean_progress": 1.0,
      "mean_search_nodes_per_decision": 24.24140093522924,
      "mean_steps": 9.780133333333334,
      "next_subtask_accuracy": 0.9943252307398672,
      "p95_episode_mean_latency_ms": 3.3492269999442215,
      "repeated_action_rate": 0.06214298373573639,
      "safety_fallback_rate": 0.00014314733268803426,
      "task_success_rate": 1.0,
      "ttc_route_rate": 1.0,
      "valid_selection_rate": 1.0
    }
  },
  "schema_version": 1
}
