running 30000 episodes with 32 workers
{
  "methods": {
    "adaptive_ttc": {
      "episodes": 6000,
      "generated_tokens": 6691992,
      "hallucinated_candidates_per_decision": 0.0,
      "injected_failure_recovery_rate": 1.0,
      "mean_model_calls_per_decision": 3.1257966667802735,
      "mean_planner_latency_ms": 0.4449633091153677,
      "mean_progress": 1.0,
      "mean_search_nodes_per_decision": 9.154527793872056,
      "mean_steps": 9.780333333333333,
      "next_subtask_accuracy": 0.9971882348931529,
      "p95_episode_mean_latency_ms": 1.1272830000052636,
      "repeated_action_rate": 0.06238710337070993,
      "safety_fallback_rate": 0.0,
      "task_success_rate": 1.0,
      "ttc_route_rate": 0.34865887324903716,
      "valid_selection_rate": 1.0
    },
    "best_of_n": {
      "episodes": 6000,
      "generated_tokens": 2817024,
      "hallucinated_candidates_per_decision": 0.0,
      "injected_failure_recovery_rate": 1.0,
      "mean_model_calls_per_decision": 1.0,
      "mean_planner_latency_ms": 0.26400661753402466,
      "mean_progress": 1.0,
      "mean_search_nodes_per_decision": 4.0,
      "mean_steps": 9.781333333333333,
      "next_subtask_accuracy": 0.9826540348964014,
      "p95_episode_mean_latency_ms": 0.5378396363911716,
      "repeated_action_rate": 0.06231256815703381,
      "safety_fallback_rate": 0.0,
      "task_success_rate": 1.0,
      "ttc_route_rate": 0.0,
      "valid_selection_rate": 1.0
    },
    "plan_once": {
      "episodes": 6000,
      "generated_tokens": 704208,
      "hallucinated_candidates_per_decision": 0.0,
      "injected_failure_recovery_rate": 1.0,
      "mean_model_calls_per_decision": 1.0,
      "mean_planner_latency_ms": 0.029804091007837413,
      "mean_progress": 1.0,
      "mean_search_nodes_per_decision": 1.0,
      "mean_steps": 9.780666666666667,
      "next_subtask_accuracy": 0.9697191738804444,
      "p95_episode_mean_latency_ms": 0.07746845453353175,
      "repeated_action_rate": 0.06173744121055143,
      "safety_fallback_rate": 0.09225683320837025,
      "task_success_rate": 1.0,
      "ttc_route_rate": 0.0,
      "valid_selection_rate": 1.0
    },
    "recursive": {
      "episodes": 6000,
      "generated_tokens": 1896168,
      "hallucinated_candidates_per_decision": 0.0,
      "injected_failure_recovery_rate": 1.0,
      "mean_model_calls_per_decision": 2.6926249062776906,
      "mean_planner_latency_ms": 0.05174848676540998,
      "mean_progress": 1.0,
      "mean_search_nodes_per_decision": 2.6926249062776906,
      "mean_steps": 9.780666666666667,
      "next_subtask_accuracy": 0.9697191738804444,
      "p95_episode_mean_latency_ms": 0.09744790912174556,
      "repeated_action_rate": 0.06173744121055143,
      "safety_fallback_rate": 0.09225683320837025,
      "task_success_rate": 1.0,
      "ttc_route_rate": 0.0,
      "valid_selection_rate": 1.0
    },
    "ttc": {
      "episodes": 6000,
      "generated_tokens": 17076144,
      "hallucinated_candidates_per_decision": 0.0,
      "injected_failure_recovery_rate": 1.0,
      "mean_model_calls_per_decision": 6.062180492127326,
      "mean_planner_latency_ms": 1.2790275868246397,
      "mean_progress": 1.0,
      "mean_search_nodes_per_decision": 24.248721968509305,
      "mean_steps": 9.780666666666667,
      "next_subtask_accuracy": 0.9968304819030741,
      "p95_episode_mean_latency_ms": 2.2431429091408392,
      "repeated_action_rate": 0.06248721968509304,
      "safety_fallback_rate": 0.0,
      "task_success_rate": 1.0,
      "ttc_route_rate": 1.0,
      "valid_selection_rate": 1.0
    }
  },
  "schema_version": 1
}
